ai-usage status                                                Wed 23 Sep 14:38
✓ healthy

version         v1.4.2
device          annbook (ann) · d-7c3e1a9b5f2d4e8a6c0b1d3f
team            qmvrtzpak7n2c5bxd3f6ghj4lwyerse2 · 13 devices
directory       ~/Library/Application Support/ai-usage

last run      ✓ 14:31 (7m ago)
last success  ✓ 14:31 (7m ago)
last error      none
relay         ✓ https://relay.example.com
                pushed 14:31 (7m ago) · pulled 14:31 (7m ago)
schedule      ✓ registered with the system scheduler, every 15 minutes
update        ✓ v1.4.2 is the newest release
                checked 12:26 (2h 12m ago)

sources       ✓ claude  ~/.claude, claude app 7d3e9a41, claude app e5b1c9d2 · 1
                account
              ✓ codex   ~/.codex, orca 5b21 · 2 accounts
              ✓ grok    ~/.grok · 1 account
              · hermes  not installed
